[db] schema ready
[server] Spiro API listening on http://localhost:4000
[0mGET /api/health [32m200[0m 15.757 ms - 67[0m
[0mGET /api/health [32m200[0m 1.558 ms - 67[0m
[sale] SR-20260917-0002: "Rear Mudguard" references an item the server does not have — recorded without a stock link
[sale] SR-20260917-0002: "LED Headlamp Unit" references an item the server does not have — recorded without a stock link
[sale] RECORDED SR-20260917-0002 | Manuel | UGX 235,000 | mobile_money | device POS-XE10 | 3 item(s)
[0mPOST /api/sync/push [32m200[0m 229.013 ms - 239[0m
[sale] SR-20260916-0001: "Spiro Battery 32Ah LFP" references an item the server does not have — recorded without a stock link
[sale] RECORDED SR-20260916-0001 | Manuel | UGX 2,480,000 | cash | device POS-XE10 | 1 item(s)
[0mPOST /api/sync/push [32m200[0m 12.378 ms - 239[0m
[sale] SR-20260917-0003: "Mirror Right" references an item the server does not have — recorded without a stock link
[sale] RECORDED SR-20260917-0003 | Manuel | UGX 28,000 | cash | device POS-XE10 | 1 item(s)
[0mPOST /api/sync/push [32m200[0m 12.720 ms - 239[0m
[0mGET /api/sync/changes?since=1789617827588 [32m200[0m 10.699 ms - 429[0m
[0mGET /api/health [32m200[0m 0.799 ms - 67[0m
[0mGET /api/sync/changes?since=1789617849264 [32m200[0m 218.848 ms - 118[0m
[0mGET /api/health [32m200[0m 1.143 ms - 67[0m
[0mGET /api/sync/changes?since=1789617879043 [32m200[0m 161.872 ms - 118[0m
[0mGET /api/admin/sales?range=30d [32m200[0m 92.665 ms - 1540[0m
[0mGET /api/health [32m200[0m 0.929 ms - 67[0m
[0mGET /api/sync/changes?since=1789617910122 [32m200[0m 21.703 ms - 118[0m
[0mGET /api/health [32m200[0m 2.153 ms - 67[0m
[0mGET /api/sync/changes?since=1789617938859 [32m200[0m 299.854 ms - 118[0m
[0mGET /api/health [32m200[0m 0.493 ms - 67[0m
[0mGET /api/purchasing/catalog [32m200[0m 121.237 ms - 324[0m
[0mGET /api/purchasing/catalog [36m304[0m 4.563 ms - -[0m
[0mGET /api/sync/changes?since=1789617969160 [32m200[0m 15.804 ms - 118[0m
[0mGET /api/health [32m200[0m 0.435 ms - 67[0m
[0mGET /api/purchasing/catalog [36m304[0m 115.133 ms - -[0m
[0mGET /api/sync/changes?since=1789617980962 [32m200[0m 11.116 ms - 118[0m
[0mGET /api/health [32m200[0m 0.526 ms - 67[0m
[0mGET /api/sync/changes?since=1789618000200 [32m200[0m 150.554 ms - 118[0m
[0mGET /api/reports/today [32m200[0m 109.417 ms - 379[0m
[0mGET /api/reports/today/hourly [32m200[0m 227.919 ms - 294[0m
[0mGET /api/reports/low-stock [36m304[0m 220.417 ms - -[0m
[0mGET /api/reports/top-products?order=revenue&days=30 [32m200[0m 238.704 ms - 404[0m
[0mGET /api/health [32m200[0m 0.614 ms - 67[0m
[0mGET /api/sync/changes?since=1789618010953 [32m200[0m 159.350 ms - 118[0m
[0mGET /api/health [32m200[0m 0.944 ms - 67[0m
[0mGET /api/purchasing/catalog [36m304[0m 11.059 ms - -[0m
[0mGET /api/sync/changes?since=1789618031895 [32m200[0m 7.998 ms - 118[0m
[0mGET /api/health [32m200[0m 0.343 ms - 67[0m
[0mGET /api/sync/changes?since=1789618032930 [32m200[0m 5.037 ms - 118[0m
[0mGET /api/health [32m200[0m 0.544 ms - 67[0m
[0mGET /api/sync/changes?since=1789618040827 [32m200[0m 422.549 ms - 118[0m
[0mGET /api/health [32m200[0m 0.642 ms - 67[0m
[0mGET /api/sync/changes?since=1789618054594 [32m200[0m 9.615 ms - 118[0m
[0mGET /api/reports/today [36m304[0m 70.313 ms - -[0m
[0mGET /api/reports/low-stock [36m304[0m 204.370 ms - -[0m
[0mGET /api/reports/today/hourly [36m304[0m 219.474 ms - -[0m
[0mGET /api/reports/top-products?order=revenue&days=30 [36m304[0m 230.017 ms - -[0m
[0mGET /api/health [32m200[0m 0.435 ms - 67[0m
[0mGET /api/sync/changes?since=1789618060836 [32m200[0m 14.511 ms - 118[0m
[0mGET /api/health [32m200[0m 0.692 ms - 67[0m
[0mGET /api/sync/changes?since=1789618063853 [32m200[0m 7.515 ms - 118[0m
[0mGET /api/health [32m200[0m 0.710 ms - 67[0m
[0mGET /api/sync/changes?since=1789618070823 [32m200[0m 89.018 ms - 118[0m
[0mGET /api/health [32m200[0m 1.906 ms - 67[0m
[0mGET /api/sync/changes?since=1789618090903 [32m200[0m 9.360 ms - 118[0m
[0mGET /api/health [32m200[0m 0.566 ms - 67[0m
[0mGET /api/sync/changes?since=1789618093934 [32m200[0m 10.565 ms - 118[0m
[0mGET /api/health [32m200[0m 1.309 ms - 67[0m
[0mGET /api/sync/changes?since=1789618100820 [32m200[0m 187.273 ms - 118[0m
[0mGET /api/health [32m200[0m 0.534 ms - 67[0m
[0mGET /api/sync/changes?since=1789618114196 [32m200[0m 9.225 ms - 118[0m
[0mGET /api/reports/today [36m304[0m 78.547 ms - -[0m
[0mGET /api/reports/today/hourly [36m304[0m 232.239 ms - -[0m
[0mGET /api/reports/low-stock [36m304[0m 221.519 ms - -[0m
[0mGET /api/reports/top-products?order=revenue&days=30 [36m304[0m 255.814 ms - -[0m
[0mGET /api/health [32m200[0m 0.965 ms - 67[0m
[0mGET /api/sync/changes?since=1789618120816 [32m200[0m 28.997 ms - 118[0m
[0mGET /api/health [32m200[0m 0.570 ms - 67[0m
[0mGET /api/sync/changes?since=1789618123973 [32m200[0m 8.173 ms - 118[0m
[0mGET /api/health [32m200[0m 0.952 ms - 67[0m
[0mGET /api/sync/changes?since=1789618130819 [32m200[0m 158.519 ms - 118[0m
[0mGET /api/health [32m200[0m 1.019 ms - 67[0m
[0mGET /api/sync/changes?since=1789618150973 [32m200[0m 7.094 ms - 118[0m
[0mGET /api/health [32m200[0m 1.200 ms - 67[0m
[0mGET /api/health [32m200[0m 1.135 ms - 67[0m
[0mGET /api/sync/changes?since=1789618153900 [32m200[0m 144.111 ms - 118[0m
[0mGET /api/sync/changes?since=1789618153900 [32m200[0m 5.665 ms - 118[0m
[0mGET /api/reports/today [36m304[0m 71.406 ms - -[0m
[0mGET /api/reports/low-stock [36m304[0m 186.084 ms - -[0m
[0mGET /api/reports/today/hourly [36m304[0m 205.026 ms - -[0m
[0mGET /api/reports/top-products?order=revenue&days=30 [36m304[0m 203.567 ms - -[0m
[0mGET /api/health [32m200[0m 0.870 ms - 67[0m
[0mGET /api/sync/changes?since=1789618174232 [32m200[0m 28.186 ms - 118[0m
[0mGET /api/health [32m200[0m 0.777 ms - 67[0m
[0mGET /api/health [32m200[0m 0.505 ms - 67[0m
[0mGET /api/health [32m200[0m 0.405 ms - 67[0m
[0mGET /api/health [32m200[0m 0.510 ms - 67[0m
[0mGET /api/sync/changes?since=1789618183890 [32m200[0m 135.952 ms - 118[0m
[0mGET /api/sync/changes?since=1789618183890 [32m200[0m 5.902 ms - 118[0m
[0mGET /api/sync/changes?since=1789618183890 [32m200[0m 5.758 ms - 118[0m
[0mGET /api/sync/changes?since=1789618183890 [32m200[0m 5.981 ms - 118[0m
[0mGET /api/reports/today [36m304[0m 72.946 ms - -[0m
[0mGET /api/reports/today/hourly [36m304[0m 229.163 ms - -[0m
[0mGET /api/reports/low-stock [36m304[0m 218.654 ms - -[0m
[0mGET /api/reports/top-products?order=revenue&days=30 [36m304[0m 229.886 ms - -[0m
[0mGET /api/health [32m200[0m 0.731 ms - 67[0m
[0mGET /api/health [32m200[0m 0.525 ms - 67[0m
[0mGET /api/health [32m200[0m 0.530 ms - 67[0m
[0mGET /api/health [32m200[0m 0.712 ms - 67[0m
[0mGET /api/sync/changes?since=1789618234249 [32m200[0m 216.321 ms - 118[0m
[0mGET /api/sync/changes?since=1789618234249 [32m200[0m 6.378 ms - 118[0m
[0mGET /api/sync/changes?since=1789618234249 [32m200[0m 5.866 ms - 118[0m
[0mGET /api/sync/changes?since=1789618234249 [32m200[0m 6.253 ms - 118[0m
[0mGET /api/reports/today [36m304[0m 78.534 ms - -[0m
[0mGET /api/reports/low-stock [36m304[0m 6.837 ms - -[0m
[0mGET /api/reports/top-products?order=revenue&days=30 [36m304[0m 219.513 ms - -[0m
[0mGET /api/reports/today/hourly [36m304[0m 254.120 ms - -[0m
[0mGET /api/health [32m200[0m 0.911 ms - 67[0m
[0mGET /api/health [32m200[0m 0.391 ms - 67[0m
[0mGET /api/health [32m200[0m 0.434 ms - 67[0m
[0mGET /api/health [32m200[0m 0.467 ms - 67[0m
[0mGET /api/sync/changes?since=1789618294552 [32m200[0m 110.452 ms - 118[0m
[0mGET /api/sync/changes?since=1789618294552 [32m200[0m 5.514 ms - 118[0m
[0mGET /api/sync/changes?since=1789618294552 [32m200[0m 4.551 ms - 118[0m
[0mGET /api/sync/changes?since=1789618294552 [32m200[0m 4.522 ms - 118[0m
[0mGET /api/reports/today [36m304[0m 171.188 ms - -[0m
[0mGET /api/reports/today/hourly [36m304[0m 142.813 ms - -[0m
[0mGET /api/reports/low-stock [36m304[0m 11.525 ms - -[0m
[0mGET /api/health [32m200[0m 0.441 ms - 67[0m
[0mGET /api/health [32m200[0m 0.516 ms - 67[0m
[0mGET /api/reports/top-products?order=revenue&days=30 [36m304[0m 152.030 ms - -[0m
[0mGET /api/health [32m200[0m 0.898 ms - 67[0m
[0mGET /api/health [32m200[0m 0.402 ms - 67[0m
[0mGET /api/sync/changes?since=1789618354261 [32m200[0m 17.311 ms - 118[0m
[0mGET /api/sync/changes?since=1789618354261 [32m200[0m 5.199 ms - 118[0m
[0mGET /api/sync/changes?since=1789618354261 [32m200[0m 5.613 ms - 118[0m
[0mGET /api/sync/changes?since=1789618354261 [32m200[0m 5.749 ms - 118[0m
[0mGET /api/health [32m200[0m 1.377 ms - 67[0m
[0mGET /api/health [32m200[0m 1.099 ms - 67[0m
[0mGET /api/health [32m200[0m 0.576 ms - 67[0m
[0mGET /api/health [32m200[0m 0.658 ms - 67[0m
[0mGET /api/reports/today [36m304[0m 245.456 ms - -[0m
[0mGET /api/reports/today/hourly [36m304[0m 4.660 ms - -[0m
[0mGET /api/reports/top-products?order=revenue&days=30 [36m304[0m 8.282 ms - -[0m
[0mGET /api/reports/low-stock [36m304[0m 132.711 ms - -[0m
[0mGET /api/sync/changes?since=1789618414281 [32m200[0m 11.966 ms - 118[0m
[0mGET /api/sync/changes?since=1789618414281 [32m200[0m 5.431 ms - 118[0m
[0mGET /api/sync/changes?since=1789618414281 [32m200[0m 6.418 ms - 118[0m
[0mGET /api/sync/changes?since=1789618414281 [32m200[0m 6.296 ms - 118[0m
[0mGET /api/health [32m200[0m 1.375 ms - 67[0m
[0mGET /api/health [32m200[0m 0.957 ms - 67[0m
[0mGET /api/health [32m200[0m 0.868 ms - 67[0m
[0mGET /api/reports/today [36m304[0m 184.428 ms - -[0m
[0mGET /api/reports/today/hourly [36m304[0m 4.055 ms - -[0m
[0mGET /api/reports/top-products?order=revenue&days=30 [36m304[0m 4.586 ms - -[0m
[0mGET /api/reports/low-stock [36m304[0m 4.304 ms - -[0m
[0mGET /api/health [32m200[0m 0.443 ms - 67[0m
[0mGET /api/sync/changes?since=1789618474368 [32m200[0m 11.337 ms - 118[0m
[0mGET /api/sync/changes?since=1789618474368 [32m200[0m 6.017 ms - 118[0m
[0mGET /api/sync/changes?since=1789618474368 [32m200[0m 6.890 ms - 118[0m
[0mGET /api/sync/changes?since=1789618474368 [32m200[0m 7.003 ms - 118[0m
[0mGET /api/health [32m200[0m 1.117 ms - 67[0m
[0mGET /api/health [32m200[0m 0.850 ms - 67[0m
[0mGET /api/reports/top-products?order=revenue&days=30 [36m304[0m 249.889 ms - -[0m
[0mGET /api/reports/today/hourly [36m304[0m 296.763 ms - -[0m
[0mGET /api/reports/today [36m304[0m 340.955 ms - -[0m
[0mGET /api/reports/low-stock [36m304[0m 323.732 ms - -[0m
[0mGET /api/health [32m200[0m 0.334 ms - 67[0m
[0mGET /api/health [32m200[0m 0.335 ms - 67[0m
[0mGET /api/sync/changes?since=1789618534305 [32m200[0m 10.691 ms - 118[0m
[0mGET /api/sync/changes?since=1789618534305 [32m200[0m 4.952 ms - 118[0m
[0mGET /api/sync/changes?since=1789618534305 [32m200[0m 5.562 ms - 118[0m
[0mGET /api/sync/changes?since=1789618534305 [32m200[0m 5.015 ms - 118[0m
[0mGET /api/health [32m200[0m 0.913 ms - 67[0m
[0mGET /api/health [32m200[0m 0.506 ms - 67[0m
[0mGET /api/health [32m200[0m 0.486 ms - 67[0m
[0mGET /api/reports/today [36m304[0m 160.495 ms - -[0m
[0mGET /api/reports/today/hourly [36m304[0m 118.993 ms - -[0m
[0mGET /api/reports/top-products?order=revenue&days=30 [36m304[0m 117.430 ms - -[0m
[0mGET /api/reports/low-stock [36m304[0m 8.621 ms - -[0m
[0mGET /api/health [32m200[0m 0.417 ms - 67[0m
[0mGET /api/sync/changes?since=1789618594467 [32m200[0m 10.682 ms - 118[0m
[0mGET /api/sync/changes?since=1789618594467 [32m200[0m 4.415 ms - 118[0m
[0mGET /api/sync/changes?since=1789618594467 [32m200[0m 4.943 ms - 118[0m
[0mGET /api/sync/changes?since=1789618594467 [32m200[0m 5.578 ms - 118[0m
[0mGET /api/health [32m200[0m 0.790 ms - 67[0m
[0mGET /api/health [32m200[0m 0.809 ms - 67[0m
[0mGET /api/health [32m200[0m 0.763 ms - 67[0m
[0mGET /api/health [32m200[0m 0.780 ms - 67[0m
[0mGET /api/reports/today [36m304[0m 221.558 ms - -[0m
[0mGET /api/reports/today/hourly [36m304[0m 234.335 ms - -[0m
[0mGET /api/reports/low-stock [36m304[0m 4.171 ms - -[0m
[0mGET /api/reports/top-products?order=revenue&days=30 [36m304[0m 14.729 ms - -[0m
[0mGET /api/sync/changes?since=1789618654467 [32m200[0m 17.754 ms - 118[0m
[0mGET /api/sync/changes?since=1789618654467 [32m200[0m 5.715 ms - 118[0m
[0mGET /api/sync/changes?since=1789618654467 [32m200[0m 5.163 ms - 118[0m
[0mGET /api/sync/changes?since=1789618654467 [32m200[0m 5.233 ms - 118[0m
[0mGET /api/health [32m200[0m 1.453 ms - 67[0m
[0mGET /api/health [32m200[0m 0.722 ms - 67[0m
[0mGET /api/health [32m200[0m 0.404 ms - 67[0m
[0mGET /api/health [32m200[0m 0.433 ms - 67[0m
[0mGET /api/reports/today/hourly [36m304[0m 167.371 ms - -[0m
[0mGET /api/reports/today [36m304[0m 205.975 ms - -[0m
[0mGET /api/reports/top-products?order=revenue&days=30 [36m304[0m 6.836 ms - -[0m
[0mGET /api/reports/low-stock [36m304[0m 4.410 ms - -[0m
[0mGET /api/sync/changes?since=1789618714260 [32m200[0m 10.347 ms - 118[0m
[0mGET /api/sync/changes?since=1789618714260 [32m200[0m 5.529 ms - 118[0m
[0mGET /api/sync/changes?since=1789618714260 [32m200[0m 5.376 ms - 118[0m
[0mGET /api/sync/changes?since=1789618714260 [32m200[0m 6.053 ms - 118[0m
[0mGET /api/health [32m200[0m 1.245 ms - 67[0m
[0mGET /api/health [32m200[0m 0.926 ms - 67[0m
[0mGET /api/reports/top-products?order=revenue&days=30 [36m304[0m 327.654 ms - -[0m
[0mGET /api/reports/today [36m304[0m 363.186 ms - -[0m
[0mGET /api/reports/today/hourly [36m304[0m 375.391 ms - -[0m
[0mGET /api/health [32m200[0m 0.528 ms - 67[0m
[0mGET /api/health [32m200[0m 0.599 ms - 67[0m
[0mGET /api/reports/low-stock [36m304[0m 343.035 ms - -[0m
[0mGET /api/sync/changes?since=1789618774735 [32m200[0m 14.678 ms - 118[0m
[0mGET /api/sync/changes?since=1789618774735 [32m200[0m 5.856 ms - 118[0m
[0mGET /api/sync/changes?since=1789618774735 [32m200[0m 6.201 ms - 118[0m
[0mGET /api/sync/changes?since=1789618774735 [32m200[0m 7.052 ms - 118[0m
[0mGET /api/health [32m200[0m 1.063 ms - 67[0m
[0mGET /api/health [32m200[0m 0.962 ms - 67[0m
[0mGET /api/health [32m200[0m 0.478 ms - 67[0m
[0mGET /api/reports/today [36m304[0m 290.976 ms - -[0m
[0mGET /api/reports/today/hourly [36m304[0m 138.708 ms - -[0m
[0mGET /api/health [32m200[0m 0.435 ms - 67[0m
[0mGET /api/reports/top-products?order=revenue&days=30 [36m304[0m 13.790 ms - -[0m
[0mGET /api/reports/low-stock [36m304[0m 3.612 ms - -[0m
[0mGET /api/sync/changes?since=1789618834460 [32m200[0m 10.623 ms - 118[0m
[0mGET /api/sync/changes?since=1789618834460 [32m200[0m 4.457 ms - 118[0m
[0mGET /api/sync/changes?since=1789618834460 [32m200[0m 6.198 ms - 118[0m
[0mGET /api/sync/changes?since=1789618834460 [32m200[0m 5.732 ms - 118[0m
[0mGET /api/health [32m200[0m 0.427 ms - 67[0m
[0mGET /api/reports/today [36m304[0m 295.360 ms - -[0m
[0mGET /api/health [32m200[0m 0.474 ms - 67[0m
[0mGET /api/health [32m200[0m 0.430 ms - 67[0m
[0mGET /api/health [32m200[0m 0.427 ms - 67[0m
[0mGET /api/reports/today/hourly [36m304[0m 4.218 ms - -[0m
[0mGET /api/reports/top-products?order=revenue&days=30 [36m304[0m 5.169 ms - -[0m
[0mGET /api/reports/low-stock [36m304[0m 4.108 ms - -[0m
[0mGET /api/sync/changes?since=1789618894463 [32m200[0m 11.822 ms - 118[0m
[0mGET /api/sync/changes?since=1789618894463 [32m200[0m 6.122 ms - 118[0m
[0mGET /api/sync/changes?since=1789618894463 [32m200[0m 5.533 ms - 118[0m
[0mGET /api/sync/changes?since=1789618894463 [32m200[0m 6.420 ms - 118[0m
[0mGET /api/reports/today [36m304[0m 397.334 ms - -[0m
[0mGET /api/reports/today/hourly [36m304[0m 182.563 ms - -[0m
[0mGET /api/health [32m200[0m 1.156 ms - 67[0m
[0mGET /api/reports/top-products?order=revenue&days=30 [36m304[0m 203.279 ms - -[0m
[0mGET /api/health [32m200[0m 0.700 ms - 67[0m
[0mGET /api/health [32m200[0m 0.494 ms - 67[0m
[0mGET /api/health [32m200[0m 0.562 ms - 67[0m
[0mGET /api/reports/low-stock [36m304[0m 226.132 ms - -[0m
[0mGET /api/sync/changes?since=1789618954313 [32m200[0m 18.689 ms - 118[0m
[0mGET /api/sync/changes?since=1789618954313 [32m200[0m 8.007 ms - 118[0m
[0mGET /api/sync/changes?since=1789618954313 [32m200[0m 7.090 ms - 118[0m
[0mGET /api/sync/changes?since=1789618954313 [32m200[0m 6.532 ms - 118[0m
[0mGET /api/health [32m200[0m 0.490 ms - 67[0m
[0mGET /api/health [32m200[0m 0.387 ms - 67[0m
[0mGET /api/health [32m200[0m 0.389 ms - 67[0m
[0mGET /api/health [32m200[0m 0.401 ms - 67[0m
[0mGET /api/reports/top-products?order=revenue&days=30 [36m304[0m 256.205 ms - -[0m
[0mGET /api/reports/today/hourly [36m304[0m 270.168 ms - -[0m
[0mGET /api/reports/today [36m304[0m 373.597 ms - -[0m
[0mGET /api/reports/low-stock [36m304[0m 4.703 ms - -[0m
[0mGET /api/sync/changes?since=1789619014705 [32m200[0m 16.905 ms - 118[0m
[0mGET /api/sync/changes?since=1789619014705 [32m200[0m 6.156 ms - 118[0m
[0mGET /api/sync/changes?since=1789619014705 [32m200[0m 5.748 ms - 118[0m
[0mGET /api/sync/changes?since=1789619014705 [32m200[0m 6.386 ms - 118[0m
[0mGET /api/health [32m200[0m 0.855 ms - 67[0m
[0mGET /api/health [32m200[0m 0.887 ms - 67[0m
[0mGET /api/health [32m200[0m 0.481 ms - 67[0m
[0mGET /api/health [32m200[0m 0.396 ms - 67[0m
[0mGET /api/sync/changes?since=1789619076326 [32m200[0m 214.056 ms - 118[0m
[0mGET /api/sync/changes?since=1789619076326 [32m200[0m 5.928 ms - 118[0m
[0mGET /api/sync/changes?since=1789619076326 [32m200[0m 5.861 ms - 118[0m
[0mGET /api/sync/changes?since=1789619076326 [32m200[0m 6.096 ms - 118[0m
[0mGET /api/reports/today [36m304[0m 55.919 ms - -[0m
[0mGET /api/reports/today/hourly [36m304[0m 6.622 ms - -[0m
[0mGET /api/reports/top-products?order=revenue&days=30 [36m304[0m 9.283 ms - -[0m
[0mGET /api/reports/low-stock [36m304[0m 7.662 ms - -[0m
[0mGET /api/health [32m200[0m 1.034 ms - 67[0m
[0mGET /api/sync/changes?since=1789619125738 [32m200[0m 8.019 ms - 118[0m
[0mGET /api/health [32m200[0m 0.869 ms - 67[0m
[0mGET /api/sync/changes?since=1789619138805 [32m200[0m 6.170 ms - 118[0m
[0mGET /api/health [32m200[0m 0.622 ms - 67[0m
[0mGET /api/sync/changes?since=1789619142750 [32m200[0m 6.920 ms - 118[0m
[0mGET /api/health [32m200[0m 0.499 ms - 67[0m
[0mGET /api/sync/changes?since=1789619143876 [32m200[0m 7.514 ms - 118[0m
[0mGET /api/health [32m200[0m 0.914 ms - 67[0m
[0mGET /api/sync/changes?since=1789619150827 [32m200[0m 243.564 ms - 118[0m
[0mGET /api/health [32m200[0m 1.193 ms - 67[0m
[0mGET /api/sync/changes?since=1789619169089 [32m200[0m 9.996 ms - 118[0m
[0mGET /api/health [32m200[0m 0.965 ms - 67[0m
[0mGET /api/sync/changes?since=1789619170841 [32m200[0m 8.996 ms - 118[0m
[0mGET /api/health [32m200[0m 0.559 ms - 67[0m
[0mGET /api/sync/changes?since=1789619173611 [32m200[0m 6.840 ms - 118[0m
[0mGET /api/reports/today/hourly [36m304[0m 160.364 ms - -[0m
[0mGET /api/reports/today [36m304[0m 194.838 ms - -[0m
[0mGET /api/reports/low-stock [36m304[0m 6.742 ms - -[0m
[0mGET /api/reports/top-products?order=revenue&days=30 [36m304[0m 178.841 ms - -[0m
[0mGET /api/reports/today [36m304[0m 616.236 ms - -[0m
[0mGET /api/reports/today/hourly [36m304[0m 5.667 ms - -[0m
[0mGET /api/health [32m200[0m 0.372 ms - 67[0m
[0mGET /api/reports/top-products?order=revenue&days=30 [36m304[0m 6.831 ms - -[0m
[0mGET /api/health [32m200[0m 0.375 ms - 67[0m
[0mGET /api/health [32m200[0m 0.392 ms - 67[0m
[0mGET /api/reports/low-stock [36m304[0m 4.774 ms - -[0m
[0mGET /api/health [32m200[0m 0.393 ms - 67[0m
[0mGET /api/sync/changes?since=1789619182344 [32m200[0m 17.077 ms - 118[0m
[0mGET /api/sync/changes?since=1789619182344 [32m200[0m 4.348 ms - 118[0m
[0mGET /api/sync/changes?since=1789619182344 [32m200[0m 3.992 ms - 118[0m
[0mGET /api/sync/changes?since=1789619182344 [32m200[0m 4.294 ms - 118[0m
[0mGET /api/health [32m200[0m 0.530 ms - 67[0m
[0mGET /api/sync/changes?since=1789619256357 [32m200[0m 220.476 ms - 118[0m
[0mGET /api/health [32m200[0m 0.745 ms - 67[0m
[0mGET /api/sync/changes?since=1789619319878 [32m200[0m 1110.189 ms - 118[0m
[0mGET /api/health [32m200[0m 0.933 ms - 67[0m
[0mGET /api/health [32m200[0m 1.162 ms - 67[0m
[0mGET /api/health [32m200[0m 0.484 ms - 67[0m
[0mGET /api/health [32m200[0m 0.434 ms - 67[0m
[0mGET /api/sync/changes?since=1789619375423 [32m200[0m 268.322 ms - 118[0m
[0mGET /api/sync/changes?since=1789619375423 [32m200[0m 5.720 ms - 118[0m
[0mGET /api/sync/changes?since=1789619375423 [32m200[0m 6.510 ms - 118[0m
[0mGET /api/sync/changes?since=1789619375423 [32m200[0m 6.723 ms - 118[0m
[0mGET /api/health [32m200[0m 0.732 ms - 67[0m
[0mGET /api/health [32m200[0m 98.641 ms - 67[0m
[0mGET /api/health [32m200[0m 0.475 ms - 67[0m
[0mGET /api/health [32m200[0m 0.718 ms - 67[0m
[0mGET /api/sync/changes?since=1789619420746 [32m200[0m 281.837 ms - 118[0m
[0mGET /api/sync/changes?since=1789619420746 [32m200[0m 7.945 ms - 118[0m
[0mGET /api/sync/changes?since=1789619420746 [32m200[0m 7.426 ms - 118[0m
[0mGET /api/sync/changes?since=1789619420746 [32m200[0m 14.900 ms - 118[0m
[0mGET /api/health [32m200[0m 0.977 ms - 67[0m
[0mGET /api/auth/me [33m401[0m 18.447 ms - 36[0m
[0mGET /api/health [32m200[0m 7.998 ms - 67[0m
[0mGET /api/health [32m200[0m 1.499 ms - 67[0m
[0mGET /api/health [32m200[0m 0.469 ms - 67[0m
[0mGET /api/health [32m200[0m 0.483 ms - 67[0m
[0mGET /api/sync/changes?since=1789619459290 [32m200[0m 355.719 ms - 118[0m
[0mGET /api/sync/changes?since=1789619459290 [32m200[0m 5.045 ms - 118[0m
[0mGET /api/sync/changes?since=1789619459290 [32m200[0m 5.574 ms - 118[0m
[0mGET /api/sync/changes?since=1789619459290 [32m200[0m 6.476 ms - 118[0m
[0mGET /api/health [32m200[0m 0.650 ms - 67[0m
[0mGET /api/sync/changes?since=1789619594525 [32m200[0m 196.269 ms - 118[0m
[0mGET /api/reports/top-products?order=revenue&days=30 [36m304[0m 112.163 ms - -[0m
[0mGET /api/reports/today [36m304[0m 472.335 ms - -[0m
[0mGET /api/reports/today/hourly [36m304[0m 626.256 ms - -[0m
[0mGET /api/reports/low-stock [36m304[0m 614.569 ms - -[0m
[0mGET /api/health [32m200[0m 0.540 ms - 67[0m
[0mGET /api/sync/changes?since=1789619607884 [32m200[0m 18.242 ms - 118[0m
[0mGET /api/health [32m200[0m 0.496 ms - 67[0m
[0mGET /api/sync/changes?since=1789619618768 [32m200[0m 6.054 ms - 118[0m
[0mGET /api/push/vapid-public-key [32m200[0m 23.055 ms - 103[0m
[0mGET /api/reports/today [36m304[0m 41.521 ms - -[0m
[0mGET /api/reports/today/hourly [36m304[0m 128.844 ms - -[0m
[0mGET /api/reports/low-stock [36m304[0m 3.222 ms - -[0m
[0mGET /api/reports/top-products?order=revenue&days=30 [36m304[0m 14.269 ms - -[0m
[0mGET /api/health [32m200[0m 0.582 ms - 67[0m
[0mGET /api/sync/changes?since=1789619619997 [32m200[0m 18.768 ms - 118[0m
[0mGET /api/health [32m200[0m 0.574 ms - 67[0m
[0mGET /api/sync/changes?since=1789619623022 [32m200[0m 5.569 ms - 118[0m
[0mGET /api/health [32m200[0m 0.753 ms - 67[0m
[0mGET /api/health [32m200[0m 1.001 ms - 67[0m
[0mGET /api/sync/changes?since=1789619631627 [32m200[0m 236.796 ms - 118[0m
[0mGET /api/sync/changes?since=1789619631627 [32m200[0m 204.614 ms - 118[0m
[0mPOST /api/auth/login [32m200[0m 675.534 ms - 392[0m
[0mGET /api/reports/today/hourly [36m304[0m 21.209 ms - -[0m
[0mGET /api/reports/top-products?order=revenue&days=30 [36m304[0m 23.274 ms - -[0m
[0mGET /api/reports/today/hourly [36m304[0m 5.920 ms - -[0m
[0mGET /api/reports/today [36m304[0m 233.626 ms - -[0m
[0mGET /api/reports/low-stock [36m304[0m 305.433 ms - -[0m
[0mGET /api/reports/today [36m304[0m 40.725 ms - -[0m
[0mGET /api/reports/low-stock [36m304[0m 9.021 ms - -[0m
[0mGET /api/reports/top-products?order=revenue&days=30 [36m304[0m 381.608 ms - -[0m
[0mGET /api/health [32m200[0m 0.479 ms - 67[0m
[0mGET /api/sync/changes?since=1789619652300 [32m200[0m 19.881 ms - 118[0m
[0mGET /api/push/vapid-public-key [36m304[0m 1.341 ms - -[0m
[0mGET /api/health [32m200[0m 0.497 ms - 67[0m
[0mGET /api/sync/changes?since=1789619654226 [32m200[0m 8.784 ms - 118[0m
[0mGET /api/reports/cashiers?days=1 [32m200[0m 29.605 ms - 161[0m
[0mGET /api/reports/range?days=1 [32m200[0m 45.329 ms - 329[0m
[0mGET /api/reports/cashiers?days=1 [36m304[0m 16.714 ms - -[0m
[0mGET /api/reports/range?days=1 [36m304[0m 23.995 ms - -[0m
[0mGET /api/push/vapid-public-key [36m304[0m 0.836 ms - -[0m
[0mGET /api/push/vapid-public-key [36m304[0m 0.668 ms - -[0m
[0mGET /api/reports/low-stock [36m304[0m 17.728 ms - -[0m
[0mGET /api/reports/top-products?order=revenue&days=30 [36m304[0m 16.553 ms - -[0m
[0mGET /api/reports/top-products?order=revenue&days=30 [36m304[0m 6.011 ms - -[0m
[0mGET /api/reports/low-stock [36m304[0m 7.331 ms - -[0m
[0mGET /api/reports/today/hourly [36m304[0m 187.058 ms - -[0m
[0mGET /api/reports/today/hourly [36m304[0m 6.255 ms - -[0m
[0mGET /api/reports/today [36m304[0m 215.554 ms - -[0m
[0mGET /api/reports/today [36m304[0m 15.714 ms - -[0m
[0mGET /api/health [32m200[0m 0.437 ms - 67[0m
[0mGET /api/health [32m200[0m 0.675 ms - 67[0m
[0mGET /api/health [32m200[0m 0.566 ms - 67[0m
[0mGET /api/health [32m200[0m 0.474 ms - 67[0m
[0mGET /api/sync/changes?since=1789619661040 [32m200[0m 165.783 ms - 118[0m
[0mGET /api/sync/changes?since=1789619661040 [32m200[0m 7.511 ms - 118[0m
[0mGET /api/sync/changes?since=1789619661040 [32m200[0m 8.044 ms - 118[0m
[0mGET /api/sync/changes?since=1789619661040 [32m200[0m 6.540 ms - 118[0m
[0mGET /api/health [32m200[0m 0.410 ms - 67[0m
[0mGET /api/sync/changes?since=1789619701329 [32m200[0m 5.616 ms - 118[0m
[0mGET /api/health [32m200[0m 0.972 ms - 67[0m
[0mGET /api/sync/changes?since=1789619708688 [32m200[0m 6.460 ms - 118[0m
[0mGET /api/health [32m200[0m 0.473 ms - 67[0m
[0mGET /api/sync/changes?since=1789619709988 [32m200[0m 7.527 ms - 118[0m
[0mGET /api/health [32m200[0m 0.471 ms - 67[0m
[0mGET /api/sync/changes?since=1789619712918 [32m200[0m 9.472 ms - 118[0m
[0mGET /api/health [32m200[0m 0.466 ms - 67[0m
[sale] SR-20260917-0004: "Tubeless Tyre 90/90-12" references an item the server does not have — recorded without a stock link
[sale] RECORDED SR-20260917-0004 | Manuel | UGX 290,000 | cash | device POS-XE10 | 1 item(s)
[0mPOST /api/sync/push [32m200[0m 221.409 ms - 239[0m
[0mGET /api/sync/changes?since=1789619720208 [32m200[0m 6.890 ms - 118[0m
[0mGET /api/reports/today [32m200[0m 45.502 ms - 381[0m
[0mGET /api/reports/low-stock [36m304[0m 325.549 ms - -[0m
[0mGET /api/reports/top-products?order=revenue&days=30 [32m200[0m 334.456 ms - 489[0m
[0mGET /api/reports/today/hourly [32m200[0m 414.954 ms - 304[0m
[0mGET /api/health [32m200[0m 0.386 ms - 67[0m
[0mGET /api/sync/changes?since=1789619727007 [32m200[0m 19.155 ms - 118[0m
[0mGET /api/health [32m200[0m 0.492 ms - 67[0m
[0mGET /api/sync/changes?since=1789619739069 [32m200[0m 4.495 ms - 118[0m
[0mGET /api/health [32m200[0m 0.490 ms - 67[0m
[0mGET /api/sync/changes?since=1789619740195 [32m200[0m 224.278 ms - 118[0m
[0mGET /api/health [32m200[0m 0.475 ms - 67[0m
[0mGET /api/health [32m200[0m 0.386 ms - 67[0m
[0mGET /api/health [32m200[0m 0.426 ms - 67[0m
[0mGET /api/health [32m200[0m 0.377 ms - 67[0m
[0mGET /api/sync/changes?since=1789619813493 [32m200[0m 179.413 ms - 118[0m
[0mGET /api/sync/changes?since=1789619813493 [32m200[0m 6.962 ms - 118[0m
[0mGET /api/sync/changes?since=1789619813493 [32m200[0m 3.699 ms - 118[0m
[0mGET /api/sync/changes?since=1789619813493 [32m200[0m 4.777 ms - 118[0m
[0mGET /api/health [32m200[0m 1.031 ms - 67[0m
[0mGET /api/health [32m200[0m 0.550 ms - 67[0m
[0mGET /api/health [32m200[0m 0.488 ms - 67[0m
[0mGET /api/health [32m200[0m 0.463 ms - 67[0m
[0mGET /api/sync/changes?since=1789619854894 [32m200[0m 144.041 ms - 118[0m
[0mGET /api/sync/changes?since=1789619854894 [32m200[0m 7.162 ms - 118[0m
[0mGET /api/sync/changes?since=1789619854894 [32m200[0m 6.911 ms - 118[0m
[0mGET /api/sync/changes?since=1789619854894 [32m200[0m 7.672 ms - 118[0m
[0mGET /api/health [32m200[0m 0.470 ms - 67[0m
[0mGET /api/health [32m200[0m 0.348 ms - 67[0m
[0mGET /api/health [32m200[0m 0.344 ms - 67[0m
[0mGET /api/health [32m200[0m 0.515 ms - 67[0m
[0mGET /api/sync/changes?since=1789619914285 [32m200[0m 128.712 ms - 118[0m
[0mGET /api/sync/changes?since=1789619914285 [32m200[0m 5.092 ms - 118[0m
[0mGET /api/sync/changes?since=1789619914285 [32m200[0m 5.250 ms - 118[0m
[0mGET /api/sync/changes?since=1789619914285 [32m200[0m 5.159 ms - 118[0m
[0mGET /api/reports/low-stock [36m304[0m 253.752 ms - -[0m
[0mGET /api/reports/today/hourly [36m304[0m 367.268 ms - -[0m
[0mGET /api/reports/today [36m304[0m 427.479 ms - -[0m
[0mGET /api/reports/top-products?order=revenue&days=30 [36m304[0m 500.429 ms - -[0m
[0mGET /api/health [32m200[0m 1.313 ms - 67[0m
[0mGET /api/health [32m200[0m 0.710 ms - 67[0m
[0mGET /api/health [32m200[0m 1.023 ms - 67[0m
[0mGET /api/health [32m200[0m 0.549 ms - 67[0m
[0mGET /api/sync/changes?since=1789619974984 [32m200[0m 33.445 ms - 118[0m
[0mGET /api/sync/changes?since=1789619974984 [32m200[0m 10.117 ms - 118[0m
[0mGET /api/sync/changes?since=1789619974984 [32m200[0m 19.591 ms - 118[0m
[0mGET /api/sync/changes?since=1789619974984 [32m200[0m 12.299 ms - 118[0m
[0mGET /api/health [32m200[0m 3.451 ms - 67[0m
[0mGET /api/purchasing/catalog [36m304[0m 16.383 ms - -[0m
[0mGET /api/purchasing/catalog [36m304[0m 4.070 ms - -[0m
[0mGET /api/sync/changes?since=1789619996043 [32m200[0m 6.682 ms - 118[0m
[0mGET /api/purchasing/catalog [36m304[0m 2.670 ms - -[0m
[0mGET /api/purchasing/catalog [36m304[0m 6.330 ms - -[0m
[0mGET /api/purchasing/reorders [32m200[0m 17.450 ms - 14[0m
[0mGET /api/purchasing/reorders [36m304[0m 4.492 ms - -[0m
[0mGET /api/purchasing/catalog [36m304[0m 220.056 ms - -[0m
[0mGET /api/purchasing/catalog [36m304[0m 3.439 ms - -[0m
[0mGET /api/purchasing/consignments [32m200[0m 16.765 ms - 14[0m
[0mGET /api/purchasing/consignments [36m304[0m 3.620 ms - -[0m
[0mGET /api/health [32m200[0m 0.964 ms - 67[0m
[0mGET /api/sync/changes?since=1789620002681 [32m200[0m 216.450 ms - 118[0m
[0mGET /api/health [32m200[0m 0.749 ms - 67[0m
[0mGET /api/sync/changes?since=1789620032186 [32m200[0m 187.697 ms - 118[0m
[0mGET /api/health [32m200[0m 0.543 ms - 67[0m
[0mGET /api/sync/changes?since=1789620062127 [32m200[0m 309.862 ms - 118[0m
[0mGET /api/health [32m200[0m 1.012 ms - 67[0m
[0mGET /api/sync/changes?since=1789620092259 [32m200[0m 209.246 ms - 118[0m
[0mGET /api/health [32m200[0m 0.597 ms - 67[0m
[0mGET /api/sync/changes?since=1789620123075 [32m200[0m 216.864 ms - 118[0m
[0mGET /api/health [32m200[0m 0.429 ms - 67[0m
[sale] SR-20260917-0005: "Tubeless Tyre 90/90-12" references an item the server does not have — recorded without a stock link
[sale] RECORDED SR-20260917-0005 | Manuel | UGX 145,000 | cash | device POS-XE10 | 1 item(s)
[0mPOST /api/sync/push [32m200[0m 61.481 ms - 239[0m
[0mGET /api/sync/changes?since=1789620154650 [32m200[0m 6.150 ms - 118[0m
[0mGET /api/reports/today [32m200[0m 33.909 ms - 381[0m
[0mGET /api/reports/top-products?order=revenue&days=30 [32m200[0m 239.171 ms - 489[0m
[0mGET /api/reports/low-stock [36m304[0m 238.998 ms - -[0m
[0mGET /api/reports/today/hourly [32m200[0m 266.513 ms - 304[0m
[0mGET /api/admin/sales?days=1 [32m200[0m 23.518 ms - 2306[0m
[0mGET /api/health [32m200[0m 1.817 ms - 67[0m
[0mGET /api/sync/changes?since=1789620162385 [32m200[0m 209.090 ms - 118[0m
[0mGET /api/admin/sales?days=1 [36m304[0m 24.435 ms - -[0m
[0mGET /api/admin/sales?days=1 [36m304[0m 6.158 ms - -[0m
[0mGET /api/health [32m200[0m 0.543 ms - 67[0m
[0mGET /api/sync/changes?since=1789620183119 [32m200[0m 145.465 ms - 118[0m
[0mGET /api/reports/today/hourly [36m304[0m 1230.021 ms - -[0m
[0mGET /api/reports/low-stock [36m304[0m 1274.933 ms - -[0m
[0mGET /api/reports/top-products?order=revenue&days=30 [36m304[0m 1295.836 ms - -[0m
[0mGET /api/reports/today [36m304[0m 1765.815 ms - -[0m
[0mGET /api/reports/today/hourly [36m304[0m 43.413 ms - -[0m
[0mGET /api/reports/top-products?order=revenue&days=30 [36m304[0m 43.782 ms - -[0m
[0mGET /api/reports/low-stock [36m304[0m 47.562 ms - -[0m
[0mGET /api/reports/today [36m304[0m 70.701 ms - -[0m
[0mGET /api/health [32m200[0m 0.787 ms - 67[0m
[0mGET /api/sync/changes?since=1789620213040 [32m200[0m 12.340 ms - 118[0m
[0mGET /api/auth/me [36m304[0m 376.784 ms - -[0m
[0mGET /api/auth/me [36m304[0m 2.694 ms - -[0m
[0mGET /api/reports/today [36m304[0m 50.850 ms - -[0m
[0mGET /api/reports/today [36m304[0m 13.011 ms - -[0m
[0mGET /api/reports/low-stock [36m304[0m 789.296 ms - -[0m
[0mGET /api/reports/low-stock [36m304[0m 10.100 ms - -[0m
[0mGET /api/reports/top-products?order=revenue&days=30 [36m304[0m 895.164 ms - -[0m
[0mGET /api/reports/today/hourly [36m304[0m 936.288 ms - -[0m
[0mGET /api/reports/today/hourly [36m304[0m 5.980 ms - -[0m
[0mGET /api/reports/top-products?order=revenue&days=30 [36m304[0m 22.176 ms - -[0m
[0mGET /api/health [32m200[0m 0.940 ms - 67[0m
[0mGET /api/sync/changes?since=1789620273874 [32m200[0m 341.483 ms - 118[0m
[0mGET /api/reports/today/hourly [33m401[0m 4.332 ms - 25[0m
[0mGET /favicon.ico [33m404[0m 15.322 ms - 150[0m
[0mGET /api/reports/today/hourly [33m401[0m 0.449 ms - 25[0m
[0mGET /api/reports/low-stock [36m304[0m 408.965 ms - -[0m
[0mGET /api/reports/today/hourly [36m304[0m 456.610 ms - -[0m
[0mGET /api/reports/top-products?order=revenue&days=30 [36m304[0m 455.376 ms - -[0m
[0mGET /api/reports/today [36m304[0m 490.784 ms - -[0m
[0mGET /api/admin/sales?days=1 [36m304[0m 29.988 ms - -[0m
[0mGET /api/admin/sales?days=1 [36m304[0m 8.119 ms - -[0m
[0mGET /api/health [32m200[0m 0.568 ms - 67[0m
[0mGET /api/sync/changes?since=1789620334247 [32m200[0m 104.856 ms - 118[0m
[0mGET /api/health [32m200[0m 1.618 ms - 67[0m
[0mGET /api/sync/changes?since=1789620394043 [32m200[0m 377.465 ms - 118[0m
[0mGET /api/health [32m200[0m 0.641 ms - 67[0m
[0mGET /api/sync/changes?since=1789620454306 [32m200[0m 226.744 ms - 118[0m
[0mGET /api/push/vapid-public-key [36m304[0m 1.524 ms - -[0m
[0mGET /api/admin/products?q= [32m200[0m 217.289 ms - 804[0m
[0mGET /api/admin/products?q= [36m304[0m 7.199 ms - -[0m
[0mGET /api/health [32m200[0m 0.609 ms - 67[0m
[0mGET /api/sync/changes?since=1789620514417 [32m200[0m 15.428 ms - 118[0m
[0mGET /api/health [32m200[0m 0.979 ms - 67[0m
[0mGET /api/sync/changes?since=1789620542927 [32m200[0m 141.503 ms - 118[0m
[0mGET /api/health [32m200[0m 0.602 ms - 67[0m
[0mGET /api/sync/changes?since=1789620573018 [32m200[0m 253.809 ms - 118[0m
[0mGET /api/reports/low-stock [36m304[0m 305.725 ms - -[0m
[0mGET /api/reports/today [36m304[0m 412.850 ms - -[0m
[0mGET /api/reports/low-stock [36m304[0m 4.563 ms - -[0m
[0mGET /api/reports/top-products?order=revenue&days=30 [36m304[0m 442.096 ms - -[0m
[0mGET /api/reports/top-products?order=revenue&days=30 [36m304[0m 5.556 ms - -[0m
[0mGET /api/reports/today/hourly [36m304[0m 480.783 ms - -[0m
[0mGET /api/reports/today [36m304[0m 23.471 ms - -[0m
[0mGET /api/reports/today/hourly [36m304[0m 4.699 ms - -[0m
[0mGET /api/admin/sales?days=1 [36m304[0m 18.615 ms - -[0m
[0mGET /api/admin/sales?days=1 [36m304[0m 7.277 ms - -[0m
[0mGET /api/admin/products?q= [36m304[0m 4.440 ms - -[0m
[0mGET /api/admin/products?q= [36m304[0m 3.447 ms - -[0m
[0mGET /api/purchasing/reorders [36m304[0m 11.212 ms - -[0m
[0mGET /api/purchasing/reorders [36m304[0m 4.023 ms - -[0m
[0mGET /api/purchasing/catalog [36m304[0m 3.888 ms - -[0m
[0mGET /api/purchasing/catalog [36m304[0m 3.371 ms - -[0m
[0mGET /api/admin/bikes?q=&status= [36m304[0m 13.442 ms - -[0m
[0mGET /api/admin/bikes?q=&status= [36m304[0m 7.314 ms - -[0m
[0mGET /api/admin/customers?q= [32m200[0m 7.048 ms - 234[0m
[0mGET /api/admin/customers?q= [36m304[0m 4.058 ms - -[0m
[0mGET /api/health [32m200[0m 0.537 ms - 67[0m
[0mGET /api/sync/changes?since=1789620635647 [32m200[0m 4.909 ms - 118[0m
[0mGET /api/auth/staff [32m200[0m 11.807 ms - 473[0m
[0mGET /api/auth/staff [36m304[0m 8.257 ms - -[0m
[0mGET /api/admin/codes [36m304[0m 181.752 ms - -[0m
[0mGET /api/admin/codes [36m304[0m 4.425 ms - -[0m
[0mGET /api/admin/approvals?status=pending [36m304[0m 13.479 ms - -[0m
[0mGET /api/admin/approvals?status=pending [36m304[0m 8.409 ms - -[0m
[0mGET /api/admin/audit [32m200[0m 26.501 ms - 3118[0m
[0mGET /api/admin/audit [36m304[0m 7.479 ms - -[0m
[0mGET /api/reports/cashiers?days=1 [32m200[0m 57.781 ms - 161[0m
[0mGET /api/reports/range?days=1 [32m200[0m 38.737 ms - 340[0m
[0mGET /api/reports/cashiers?days=1 [36m304[0m 26.564 ms - -[0m
[0mGET /api/reports/range?days=1 [36m304[0m 46.263 ms - -[0m
[0mGET /api/reports/cashiers?days=3 [32m200[0m 5.669 ms - 161[0m
[0mGET /api/reports/range?days=3 [32m200[0m 13.339 ms - 340[0m
[error] column reference "created_at" is ambiguous
[0mGET /api/reports/cashiers?from=2026-09-13&to=2026-09-17 [31m500[0m 12.899 ms - 33[0m
[0mGET /api/reports/range?from=2026-09-13&to=2026-09-17 [32m200[0m 19.615 ms - 251[0m
[0mGET /api/push/vapid-public-key [36m304[0m 0.628 ms - -[0m
[0mGET /api/push/vapid-public-key [36m304[0m 0.845 ms - -[0m
[0mGET /api/reports/range?days=14 [32m200[0m 10.427 ms - 340[0m
[0mGET /api/reports/cashiers?days=14 [32m200[0m 184.237 ms - 161[0m
[error] column reference "created_at" is ambiguous
[0mGET /api/reports/cashiers?from=2026-08-31&to=2026-09-17 [31m500[0m 6.113 ms - 33[0m
[0mGET /api/reports/range?from=2026-08-31&to=2026-09-17 [32m200[0m 34.976 ms - 251[0m
[0mGET /api/reports/range?from=2026-06-30&to=2026-09-17 [32m200[0m 10.086 ms - 251[0m
[error] column reference "created_at" is ambiguous
[0mGET /api/reports/cashiers?from=2026-06-30&to=2026-09-17 [31m500[0m 81.835 ms - 33[0m
[0mGET /api/reports/range?from=2026-06-30&to=2026-09-17 [36m304[0m 10.080 ms - -[0m
[error] column reference "created_at" is ambiguous
[0mGET /api/reports/cashiers?from=2026-06-30&to=2026-09-17 [31m500[0m 93.569 ms - 33[0m
[0mGET /api/reports/range?from=2025-12-31&to=2026-09-17 [32m200[0m 13.737 ms - 251[0m
[error] column reference "created_at" is ambiguous
[0mGET /api/reports/cashiers?from=2025-12-31&to=2026-09-17 [31m500[0m 113.044 ms - 33[0m
[0mGET /api/reports/range?days=1 [36m304[0m 13.531 ms - -[0m
[0mGET /api/reports/cashiers?days=1 [36m304[0m 110.293 ms - -[0m
[0mGET /api/reports/cashiers?days=3 [36m304[0m 4.934 ms - -[0m
[0mGET /api/reports/range?days=3 [36m304[0m 30.786 ms - -[0m
[0mGET /api/reports/top-products?order=revenue&days=30 [36m304[0m 17.231 ms - -[0m
[0mGET /api/reports/today [36m304[0m 36.430 ms - -[0m
[0mGET /api/reports/top-products?order=revenue&days=30 [36m304[0m 9.766 ms - -[0m
[0mGET /api/reports/today [36m304[0m 17.650 ms - -[0m
[0mGET /api/reports/today/hourly [36m304[0m 216.197 ms - -[0m
[0mGET /api/reports/today/hourly [36m304[0m 4.966 ms - -[0m
[0mGET /api/reports/low-stock [36m304[0m 225.204 ms - -[0m
[0mGET /api/reports/low-stock [36m304[0m 4.929 ms - -[0m
[0mGET /api/push/vapid-public-key [36m304[0m 1.077 ms - -[0m
[0mGET /api/reports/cashiers?days=1 [36m304[0m 155.223 ms - -[0m
[0mGET /api/reports/cashiers?days=1 [36m304[0m 4.654 ms - -[0m
[0mGET /api/reports/range?days=1 [36m304[0m 174.718 ms - -[0m
[0mGET /api/reports/range?days=1 [36m304[0m 10.665 ms - -[0m
[0mGET /api/admin/audit [36m304[0m 17.952 ms - -[0m
[0mGET /api/admin/audit [36m304[0m 5.279 ms - -[0m
[0mGET /api/admin/approvals?status=pending [36m304[0m 7.023 ms - -[0m
[0mGET /api/admin/approvals?status=pending [36m304[0m 4.337 ms - -[0m
[0mGET /api/auth/staff [36m304[0m 5.764 ms - -[0m
[0mGET /api/auth/staff [36m304[0m 4.893 ms - -[0m
[0mGET /api/admin/codes [36m304[0m 17.337 ms - -[0m
[0mGET /api/admin/codes [36m304[0m 6.078 ms - -[0m
[0mGET /api/admin/customers?q= [36m304[0m 13.413 ms - -[0m
[0mGET /api/admin/customers?q= [36m304[0m 4.797 ms - -[0m
[0mGET /api/admin/bikes?q=&status= [36m304[0m 20.063 ms - -[0m
[0mGET /api/admin/bikes?q=&status= [36m304[0m 7.647 ms - -[0m
[0mGET /api/purchasing/catalog [36m304[0m 5.488 ms - -[0m
[0mGET /api/purchasing/reorders [36m304[0m 13.163 ms - -[0m
[0mGET /api/purchasing/reorders [36m304[0m 10.901 ms - -[0m
[0mGET /api/purchasing/catalog [36m304[0m 14.224 ms - -[0m
[0mGET /api/admin/products?q= [36m304[0m 7.881 ms - -[0m
[0mGET /api/admin/products?q= [36m304[0m 5.767 ms - -[0m
[0mGET /api/health [32m200[0m 1.093 ms - 67[0m
[0mGET /api/sync/changes?since=1789620695898 [32m200[0m 8.079 ms - 118[0m
[0mGET /api/admin/sales?days=1 [36m304[0m 149.822 ms - -[0m
[0mGET /api/admin/sales?days=1 [36m304[0m 11.365 ms - -[0m
[0mGET /api/admin/products?q= [36m304[0m 18.015 ms - -[0m
[0mGET /api/admin/products?q= [36m304[0m 3.667 ms - -[0m
[0mGET /api/health [32m200[0m 1.774 ms - 67[0m
[0mGET /api/sync/changes?since=1789620753911 [32m200[0m 225.277 ms - 118[0m
[0mGET /api/health [32m200[0m 0.314 ms - 67[0m
[sale] RECORDED SR-20260917-0006 | Manuel | UGX 13,000 | cash | device POS-XE10 | 1 item(s)
[0mPOST /api/sync/push [32m200[0m 78.376 ms - 239[0m
[0mGET /api/sync/changes?since=1789620782160 [32m200[0m 8.217 ms - 429[0m
[0mGET /api/reports/today [32m200[0m 33.998 ms - 393[0m
[0mGET /api/reports/today [36m304[0m 12.128 ms - -[0m
[0mGET /api/reports/top-products?order=revenue&days=30 [32m200[0m 198.885 ms - 489[0m
[0mGET /api/reports/today/hourly [32m200[0m 211.811 ms - 304[0m
[0mGET /api/reports/top-products?order=revenue&days=30 [36m304[0m 5.081 ms - -[0m
[0mGET /api/reports/today/hourly [36m304[0m 4.806 ms - -[0m
[0mGET /api/reports/low-stock [36m304[0m 222.796 ms - -[0m
[0mGET /api/reports/low-stock [36m304[0m 3.640 ms - -[0m
[0mGET /api/admin/sales?days=1 [32m200[0m 16.518 ms - 2684[0m
[0mGET /api/admin/sales?days=1 [36m304[0m 5.715 ms - -[0m
[0mGET /api/admin/sales?days=1 [36m304[0m 12.680 ms - -[0m
[0mGET /api/admin/sales?days=1 [36m304[0m 11.342 ms - -[0m
[0mGET /api/health [32m200[0m 0.648 ms - 67[0m
[0mGET /api/sync/changes?since=1789620783043 [32m200[0m 203.951 ms - 118[0m
[0mGET /api/health [32m200[0m 1.096 ms - 67[0m
[0mGET /api/sync/changes?since=1789620813051 [32m200[0m 162.188 ms - 118[0m
[0mGET /api/health [32m200[0m 0.523 ms - 67[0m
[0mGET /api/sync/changes?since=1789620843040 [32m200[0m 119.359 ms - 118[0m
[0mGET /api/health [32m200[0m 1.772 ms - 67[0m
[0mGET /api/sync/changes?since=1789620874214 [32m200[0m 231.923 ms - 118[0m
[0mGET /api/health [32m200[0m 0.788 ms - 67[0m
[0mGET /api/purchasing/catalog [32m200[0m 210.533 ms - 324[0m
[0mGET /api/sync/changes?since=1789620934737 [32m200[0m 11.928 ms - 118[0m
[0mGET /api/health [32m200[0m 1.575 ms - 67[0m
[0mGET /api/sync/changes?since=1789620977143 [32m200[0m 176.445 ms - 118[0m
[0mGET /api/health [32m200[0m 1.769 ms - 67[0m
[0mGET /api/sync/changes?since=1789620994029 [32m200[0m 142.079 ms - 118[0m
[0mPOST /api/auth/login [32m200[0m 476.571 ms - 392[0m
[0mGET /api/reports/top-products?order=revenue&days=30 [36m304[0m 46.877 ms - -[0m
[0mGET /api/reports/top-products?order=revenue&days=30 [36m304[0m 5.617 ms - -[0m
[0mGET /api/reports/today/hourly [36m304[0m 164.443 ms - -[0m
[0mGET /api/reports/low-stock [36m304[0m 168.130 ms - -[0m
[0mGET /api/reports/today/hourly [36m304[0m 5.843 ms - -[0m
[0mGET /api/reports/low-stock [36m304[0m 13.879 ms - -[0m
[0mGET /api/reports/today [36m304[0m 194.056 ms - -[0m
[0mGET /api/reports/today [36m304[0m 10.652 ms - -[0m
[0mGET /api/admin/sales?days=1 [36m304[0m 123.509 ms - -[0m
[0mGET /api/admin/sales?days=1 [36m304[0m 5.159 ms - -[0m
[0mGET /api/health [32m200[0m 0.839 ms - 67[0m
[0mGET /api/sync/changes?since=1789621008008 [32m200[0m 41.734 ms - 118[0m
[0mGET /api/admin/sales?days=1 [36m304[0m 4.219 ms - -[0m
[0mGET /api/admin/sales?days=1 [36m304[0m 7.285 ms - -[0m
[0mGET /api/health [32m200[0m 1.008 ms - 67[0m
[0mGET /api/sync/changes?since=1789621037892 [32m200[0m 262.246 ms - 118[0m
[0mGET /api/health [32m200[0m 0.577 ms - 67[0m
