[36mvite v5.4.21 [32mbuilding for production...[36m[39m
transforming...
[32m✓[39m 461 modules transformed.
rendering chunks...
computing gzip size...
[2mdist/[22m[32mmanifest.webmanifest                        [39m[1m[2m  0.49 kB[22m[1m[22m
[2mdist/[22m[32mindex.html                                  [39m[1m[2m  0.98 kB[22m[1m[22m[2m │ gzip:   0.49 kB[22m
[2mdist/[22m[35massets/index-nM7yQoQa.css                   [39m[1m[2m 26.25 kB[22m[1m[22m[2m │ gzip:   5.57 kB[22m
[2mdist/[22m[36massets/workbox-window.prod.es5-BqEJf4Xk.js  [39m[1m[2m  5.71 kB[22m[1m[22m[2m │ gzip:   2.34 kB[22m
[2mdist/[22m[36massets/purify.es-DDpmou9H.js                [39m[1m[2m 29.05 kB[22m[1m[22m[2m │ gzip:  11.18 kB[22m
[2mdist/[22m[36massets/index.es-BKfjpRMS.js                 [39m[1m[2m150.81 kB[22m[1m[22m[2m │ gzip:  51.59 kB[22m
[2mdist/[22m[36massets/html2canvas.esm-CBrSDip1.js          [39m[1m[2m201.42 kB[22m[1m[22m[2m │ gzip:  48.03 kB[22m
[2mdist/[22m[36massets/index-DMht6vC-.js                    [39m[1m[33m767.03 kB[39m[22m[2m │ gzip: 244.90 kB[22m
[32m✓ built in 2m 35s[39m

PWA v0.20.5
mode      generateSW
precache  17 entries (1269.91 KiB)
files generated
  dist/sw.js
  dist/workbox-98f7a950.js
